../Core/Src/main.c:70:5:_write	24	static
../Core/Src/main.c:75:13:Read_Knob_Values	24	static
../Core/Src/main.c:89:13:Read_Buttons	24	static
../Core/Src/main.c:99:13:CAN_Setup_Start_AllAccept	48	static
../Core/Src/main.c:126:5:main	64	static
../Core/Src/main.c:213:6:SystemClock_Config	88	static
../Core/Src/main.c:250:13:MX_ADC_Init	24	static
../Core/Src/main.c:320:13:MX_CAN_Init	8	static
../Core/Src/main.c:357:13:MX_USART2_UART_Init	8	static
../Core/Src/main.c:392:13:MX_GPIO_Init	48	static
../Core/Src/main.c:475:6:Error_Handler	8	static,ignoring_inline_asm
