16:39:45 **** Incremental Build of configuration Debug for project CAN_Node_V1.0 ****
make -j8 all 
arm-none-eabi-gcc "../Core/Src/main.c" -mcpu=cortex-m4 -std=gnu11 -g3 -DDEBUG -DUSE_HAL_DRIVER -DSTM32F303x8 -c -I../Core/Inc -I../Drivers/STM32F3xx_HAL_Driver/Inc -I../Drivers/STM32F3xx_HAL_Driver/Inc/Legacy -I../Drivers/CMSIS/Device/ST/STM32F3xx/Include -I../Drivers/CMSIS/Include -O0 -ffunction-sections -fdata-sections -Wall -Wextra -fstack-usage -fcyclomatic-complexity -MMD -MP -MF"Core/Src/main.d" -MT"Core/Src/main.o" --specs=nano.specs -mfpu=fpv4-sp-d16 -mfloat-abi=hard -mthumb -o "Core/Src/main.o"
../Core/Src/main.c: In function 'main':
../Core/Src/main.c:111:3: warning: implicit declaration of function 'sprintf' [-Wimplicit-function-declaration]
  111 |   sprintf(buf,"CAN Node Start");
      |   ^~~~~~~
../Core/Src/main.c:21:1: note: include '<stdio.h>' or provide a declaration of 'sprintf'
   20 | #include "main.h"
  +++ |+#include <stdio.h>
   21 | 
../Core/Src/main.c:111:3: warning: incompatible implicit declaration of built-in function 'sprintf' [-Wbuiltin-declaration-mismatch]
  111 |   sprintf(buf,"CAN Node Start");
      |   ^~~~~~~
../Core/Src/main.c:111:3: note: include '<stdio.h>' or provide a declaration of 'sprintf'
../Core/Src/main.c: In function '_write':
../Core/Src/main.c:355:16: warning: unused parameter 'file' [-Wunused-parameter]
  355 | int _write(int file, char *data, int len)
      |            ~~~~^~~~
arm-none-eabi-gcc -o "CAN_Node_V1.0.elf" @"objects.list"   -mcpu=cortex-m4 -T"C:\Users\ae900\Documents\GitHub\RM-Node\CAN_Node_V1.0\STM32F303K8TX_FLASH.ld" --specs=nosys.specs -Wl,-Map="CAN_Node_V1.0.map" -Wl,--gc-sections -static --specs=nano.specs -mfpu=fpv4-sp-d16 -mfloat-abi=hard -mthumb -Wl,--start-group -lc -lm -Wl,--end-group
Finished building target: CAN_Node_V1.0.elf
 
arm-none-eabi-size  CAN_Node_V1.0.elf 
arm-none-eabi-objdump -h -S CAN_Node_V1.0.elf  > "CAN_Node_V1.0.list"
   text	   data	    bss	    dec	    hex	filename
  19100	     92	   2300	  21492	   53f4	CAN_Node_V1.0.elf
Finished building: default.size.stdout
 
Finished building: CAN_Node_V1.0.list
 
16:39:52 **** Incremental Build of configuration Debug for project CAN_Node_V1.0 ****
make -j8 all 
arm-none-eabi-size  CAN_Node_V1.0.elf 
   text	   data	    bss	    dec	    hex	filename
  19100	     92	   2300	  21492	   53f4	CAN_Node_V1.0.elf
Finished building: default.size.stdout
 
16:40:50 **** Incremental Build of configuration Debug for project CAN_Node_V1.0 ****
make -j8 all 
arm-none-eabi-gcc "../Core/Src/main.c" -mcpu=cortex-m4 -std=gnu11 -g3 -DDEBUG -DUSE_HAL_DRIVER -DSTM32F303x8 -c -I../Core/Inc -I../Drivers/STM32F3xx_HAL_Driver/Inc -I../Drivers/STM32F3xx_HAL_Driver/Inc/Legacy -I../Drivers/CMSIS/Device/ST/STM32F3xx/Include -I../Drivers/CMSIS/Include -O0 -ffunction-sections -fdata-sections -Wall -Wextra -fstack-usage -fcyclomatic-complexity -MMD -MP -MF"Core/Src/main.d" -MT"Core/Src/main.o" --specs=nano.specs -mfpu=fpv4-sp-d16 -mfloat-abi=hard -mthumb -o "Core/Src/main.o"
../Core/Src/main.c: In function 'main':
../Core/Src/main.c:111:3: warning: implicit declaration of function 'sprintf' [-Wimplicit-function-declaration]
  111 |   sprintf(buf,"CAN Node Start");
      |   ^~~~~~~
../Core/Src/main.c:21:1: note: include '<stdio.h>' or provide a declaration of 'sprintf'
   20 | #include "main.h"
  +++ |+#include <stdio.h>
   21 | 
../Core/Src/main.c:111:3: warning: incompatible implicit declaration of built-in function 'sprintf' [-Wbuiltin-declaration-mismatch]
  111 |   sprintf(buf,"CAN Node Start");
      |   ^~~~~~~
../Core/Src/main.c:111:3: note: include '<stdio.h>' or provide a declaration of 'sprintf'
../Core/Src/main.c: In function '_write':
../Core/Src/main.c:355:16: warning: unused parameter 'file' [-Wunused-parameter]
  355 | int _write(int file, char *data, int len)
      |            ~~~~^~~~
arm-none-eabi-gcc -o "CAN_Node_V1.0.elf" @"objects.list"   -mcpu=cortex-m4 -T"C:\Users\ae900\Documents\GitHub\RM-Node\CAN_Node_V1.0\STM32F303K8TX_FLASH.ld" --specs=nosys.specs -Wl,-Map="CAN_Node_V1.0.map" -Wl,--gc-sections -static --specs=nano.specs -mfpu=fpv4-sp-d16 -mfloat-abi=hard -mthumb -Wl,--start-group -lc -lm -Wl,--end-group
Finished building target: CAN_Node_V1.0.elf
 
arm-none-eabi-size  CAN_Node_V1.0.elf 
arm-none-eabi-objdump -h -S CAN_Node_V1.0.elf  > "CAN_Node_V1.0.list"
   text	   data	    bss	    dec	    hex	filename
  19100	     92	   2300	  21492	   53f4	CAN_Node_V1.0.elf
Finished building: default.size.stdout
 
Finished building: CAN_Node_V1.0.list
 
16:45:11 **** Incremental Build of configuration Debug for project CAN_Node_V1.0 ****
make -j8 all 
arm-none-eabi-gcc "../Core/Src/main.c" -mcpu=cortex-m4 -std=gnu11 -g3 -DDEBUG -DUSE_HAL_DRIVER -DSTM32F303x8 -c -I../Core/Inc -I../Drivers/STM32F3xx_HAL_Driver/Inc -I../Drivers/STM32F3xx_HAL_Driver/Inc/Legacy -I../Drivers/CMSIS/Device/ST/STM32F3xx/Include -I../Drivers/CMSIS/Include -O0 -ffunction-sections -fdata-sections -Wall -Wextra -fstack-usage -fcyclomatic-complexity -MMD -MP -MF"Core/Src/main.d" -MT"Core/Src/main.o" --specs=nano.specs -mfpu=fpv4-sp-d16 -mfloat-abi=hard -mthumb -o "Core/Src/main.o"
../Core/Src/main.c: In function 'main':
../Core/Src/main.c:111:3: warning: implicit declaration of function 'sprintf' [-Wimplicit-function-declaration]
  111 |   sprintf(buf,"CAN Node Start");
      |   ^~~~~~~
../Core/Src/main.c:21:1: note: include '<stdio.h>' or provide a declaration of 'sprintf'
   20 | #include "main.h"
  +++ |+#include <stdio.h>
   21 | 
../Core/Src/main.c:111:3: warning: incompatible implicit declaration of built-in function 'sprintf' [-Wbuiltin-declaration-mismatch]
  111 |   sprintf(buf,"CAN Node Start");
      |   ^~~~~~~
../Core/Src/main.c:111:3: note: include '<stdio.h>' or provide a declaration of 'sprintf'
../Core/Src/main.c: In function '_write':
../Core/Src/main.c:355:16: warning: unused parameter 'file' [-Wunused-parameter]
  355 | int _write(int file, char *data, int len)
      |            ~~~~^~~~
arm-none-eabi-gcc -o "CAN_Node_V1.0.elf" @"objects.list"   -mcpu=cortex-m4 -T"C:\Users\ae900\Documents\GitHub\RM-Node\CAN_Node_V1.0\STM32F303K8TX_FLASH.ld" --specs=nosys.specs -Wl,-Map="CAN_Node_V1.0.map" -Wl,--gc-sections -static --specs=nano.specs -mfpu=fpv4-sp-d16 -mfloat-abi=hard -mthumb -Wl,--start-group -lc -lm -Wl,--end-group
Finished building target: CAN_Node_V1.0.elf
 
arm-none-eabi-size  CAN_Node_V1.0.elf 
arm-none-eabi-objdump -h -S CAN_Node_V1.0.elf  > "CAN_Node_V1.0.list"
   text	   data	    bss	    dec	    hex	filename
  19100	     92	   2300	  21492	   53f4	CAN_Node_V1.0.elf
Finished building: default.size.stdout
 
Finished building: CAN_Node_V1.0.list
 
16:45:53 **** Incremental Build of configuration Debug for project CAN_Node_V1.0 ****
make -j8 all 
arm-none-eabi-gcc "../Core/Src/main.c" -mcpu=cortex-m4 -std=gnu11 -g3 -DDEBUG -DUSE_HAL_DRIVER -DSTM32F303x8 -c -I../Core/Inc -I../Drivers/STM32F3xx_HAL_Driver/Inc -I../Drivers/STM32F3xx_HAL_Driver/Inc/Legacy -I../Drivers/CMSIS/Device/ST/STM32F3xx/Include -I../Drivers/CMSIS/Include -O0 -ffunction-sections -fdata-sections -Wall -Wextra -fstack-usage -fcyclomatic-complexity -MMD -MP -MF"Core/Src/main.d" -MT"Core/Src/main.o" --specs=nano.specs -mfpu=fpv4-sp-d16 -mfloat-abi=hard -mthumb -o "Core/Src/main.o"
../Core/Src/main.c: In function 'main':
../Core/Src/main.c:111:3: warning: implicit declaration of function 'sprintf' [-Wimplicit-function-declaration]
  111 |   sprintf(buf,"CAN Node Start");
      |   ^~~~~~~
../Core/Src/main.c:21:1: note: include '<stdio.h>' or provide a declaration of 'sprintf'
   20 | #include "main.h"
  +++ |+#include <stdio.h>
   21 | 
../Core/Src/main.c:111:3: warning: incompatible implicit declaration of built-in function 'sprintf' [-Wbuiltin-declaration-mismatch]
  111 |   sprintf(buf,"CAN Node Start");
      |   ^~~~~~~
../Core/Src/main.c:111:3: note: include '<stdio.h>' or provide a declaration of 'sprintf'
../Core/Src/main.c: In function '_write':
../Core/Src/main.c:355:16: warning: unused parameter 'file' [-Wunused-parameter]
  355 | int _write(int file, char *data, int len)
      |            ~~~~^~~~
arm-none-eabi-gcc -o "CAN_Node_V1.0.elf" @"objects.list"   -mcpu=cortex-m4 -T"C:\Users\ae900\Documents\GitHub\RM-Node\CAN_Node_V1.0\STM32F303K8TX_FLASH.ld" --specs=nosys.specs -Wl,-Map="CAN_Node_V1.0.map" -Wl,--gc-sections -static --specs=nano.specs -mfpu=fpv4-sp-d16 -mfloat-abi=hard -mthumb -Wl,--start-group -lc -lm -Wl,--end-group
Finished building target: CAN_Node_V1.0.elf
 
arm-none-eabi-size  CAN_Node_V1.0.elf 
arm-none-eabi-objdump -h -S CAN_Node_V1.0.elf  > "CAN_Node_V1.0.list"
   text	   data	    bss	    dec	    hex	filename
  19100	     92	   2300	  21492	   53f4	CAN_Node_V1.0.elf
Finished building: default.size.stdout
 
Finished building: CAN_Node_V1.0.list
 
